a is 42
b is true
c is u
d is hello
e is 0x12008
f is 0x12018
answer is g
